   ╔═══════════════════════════════════════════════╗
   ║ zshy » the bundler-free TypeScript build tool ║
   ╚═══════════════════════════════════════════════╝
»  Starting build...
»  Detected project root: /workspace/repo/packages/zod
»  Reading package.json from ./package.json
»  Reading tsconfig from ./tsconfig.build.json
»  You're building your code to the project root. This means your compiled files will be generated alongside your source files.
   Ensure that your "files" in package.json does not include TypeScript source files, or your users may experience .d.ts resolution issues in some environments:
     "files": ["**/*.js", "**/*.mjs", "**/*.cjs", "**/*.d.ts", "**/*.d.mts", "**/*.d.cts"]
»  Determining entrypoints...
   ╔════════════════════╤═════════════════════════════════╗
   ║ Subpath            │ Entrypoint                      ║
   ╟────────────────────┼─────────────────────────────────╢
   ║ "zod"              │ ./src/index.ts                  ║
   ║ "zod/mini"         │ ./src/mini/index.ts             ║
   ║ "zod/compile"      │ ./src/compile.ts                ║
   ║ "zod/locales"      │ ./src/locales/index.ts          ║
   ║ "zod/v3"           │ ./src/v3/index.ts               ║
   ║ "zod/v4"           │ ./src/v4/index.ts               ║
   ║ "zod/v4-mini"      │ ./src/v4-mini/index.ts          ║
   ║ "zod/v4/mini"      │ ./src/v4/mini/index.ts          ║
   ║ "zod/v4/core"      │ ./src/v4/core/index.ts          ║
   ║ "zod/v4/locales"   │ ./src/v4/locales/index.ts       ║
   ║ "zod/v4/locales/*" │ ./src/v4/locales/* (63 matches) ║
   ╚════════════════════╧═════════════════════════════════╝
»  Resolved build paths:
   ╔══════════╤═══════════════╗
   ║ Location │ Resolved path ║
   ╟──────────┼───────────────╢
   ║ rootDir  │ ./src         ║
   ║ outDir   │ .             ║
   ╚══════════╧═══════════════╝
»  Package is an ES module (package.json#/type is "module")
»  Skipping cleanup of outDir as it contains source files
»  Skipping cleanup of declarationDir as it contains source files
»  Building CJS... (rewriting .ts -> .cjs/.d.cts)
»  Building ESM...
»  Updating package.json...
»  Updating jsr.json...
»  Reading jsr.json from ./jsr.json
»  Build complete! ✅
zod-4.5.4.tgz

--- stderr ---
