ℹ tsdown v0.22.14 powered by rolldown v1.2.4
ℹ config file: /workspace/repo/packages/query-core/tsdown.config.ts 
ℹ entry: src/environmentManager.ts, src/focusManager.ts, src/hydration.ts, src/index.ts, src/infiniteQueryBehavior.ts, src/infiniteQueryObserver.ts, src/mutation.ts, src/mutationCache.ts, src/mutationObserver.ts, src/notifyManager.ts, src/onlineManager.ts, src/queriesObserver.ts, src/query.ts, src/queryCache.ts, src/queryClient.ts, src/queryObserver.ts, src/removable.ts, src/retryer.ts, src/streamedQuery.ts, src/subscribable.ts, src/timeoutManager.ts, src/types.ts, src/utils.ts
ℹ targets: chrome91, firefox90, edge91, safari15, ios15, opera77
ℹ entry: src/environmentManager.ts, src/focusManager.ts, src/hydration.ts, src/index.ts, src/infiniteQueryBehavior.ts, src/infiniteQueryObserver.ts, src/mutation.ts, src/mutationCache.ts, src/mutationObserver.ts, src/notifyManager.ts, src/onlineManager.ts, src/queriesObserver.ts, src/query.ts, src/queryCache.ts, src/queryClient.ts, src/queryObserver.ts, src/removable.ts, src/retryer.ts, src/streamedQuery.ts, src/subscribable.ts, src/timeoutManager.ts, src/types.ts, src/utils.ts
ℹ targets: es2020, node16
ℹ tsconfig: tsconfig.prod.json
ℹ tsconfig: tsconfig.prod.json
ℹ Build start
ℹ [CJS] build/modern/queryClient.cjs                23.83 kB │ gzip:  5.95 kB
ℹ [CJS] build/modern/queryObserver.cjs              18.64 kB │ gzip:  4.87 kB
ℹ [CJS] build/modern/query.cjs                      16.01 kB │ gzip:  4.71 kB
ℹ [CJS] build/modern/utils.cjs                      10.42 kB │ gzip:  3.46 kB
ℹ [CJS] build/modern/mutation.cjs                    9.19 kB │ gzip:  2.82 kB
ℹ [CJS] build/modern/queriesObserver.cjs             8.99 kB │ gzip:  2.66 kB
ℹ [CJS] build/modern/hydration.cjs                   7.88 kB │ gzip:  2.53 kB
ℹ [CJS] build/modern/queryCache.cjs                  6.40 kB │ gzip:  2.13 kB
ℹ [CJS] build/modern/mutationObserver.cjs            6.20 kB │ gzip:  2.01 kB
ℹ [CJS] build/modern/mutationCache.cjs               5.56 kB │ gzip:  1.67 kB
ℹ [CJS] build/modern/timeoutManager.cjs              5.44 kB │ gzip:  1.66 kB
ℹ [CJS] build/modern/infiniteQueryObserver.cjs       4.53 kB │ gzip:  1.40 kB
ℹ [CJS] build/modern/retryer.cjs                     4.51 kB │ gzip:  1.50 kB
ℹ [CJS] build/modern/infiniteQueryBehavior.cjs       3.65 kB │ gzip:  1.18 kB
ℹ [CJS] build/modern/index.cjs                       3.40 kB │ gzip:  0.74 kB
ℹ [CJS] build/modern/notifyManager.cjs               3.40 kB │ gzip:  1.28 kB
ℹ [CJS] build/modern/focusManager.cjs                3.25 kB │ gzip:  1.15 kB
ℹ [CJS] build/modern/onlineManager.cjs               2.84 kB │ gzip:  1.08 kB
ℹ [CJS] build/modern/streamedQuery.cjs               2.65 kB │ gzip:  1.11 kB
ℹ [CJS] build/modern/environmentManager.cjs          1.27 kB │ gzip:  0.66 kB
ℹ [CJS] build/modern/removable.cjs                   0.97 kB │ gzip:  0.44 kB
ℹ [CJS] build/modern/subscribable.cjs                0.59 kB │ gzip:  0.31 kB
ℹ [CJS] build/modern/types.cjs                       0.39 kB │ gzip:  0.22 kB
ℹ [CJS] build/modern/types.cjs.map                  48.87 kB │ gzip:  8.78 kB
ℹ [CJS] build/modern/queryClient.cjs.map            40.83 kB │ gzip:  9.35 kB
ℹ [CJS] build/modern/queryObserver.cjs.map          36.81 kB │ gzip:  9.59 kB
ℹ [CJS] build/modern/query.cjs.map                  36.52 kB │ gzip: 10.02 kB
ℹ [CJS] build/modern/utils.cjs.map                  21.83 kB │ gzip:  6.73 kB
ℹ [CJS] build/modern/mutation.cjs.map               19.63 kB │ gzip:  5.18 kB
ℹ [CJS] build/modern/hydration.cjs.map              17.57 kB │ gzip:  5.36 kB
ℹ [CJS] build/modern/queriesObserver.cjs.map        16.99 kB │ gzip:  4.82 kB
ℹ [CJS] build/modern/mutationCache.cjs.map          13.40 kB │ gzip:  3.66 kB
ℹ [CJS] build/modern/queryCache.cjs.map             12.98 kB │ gzip:  3.77 kB
ℹ [CJS] build/modern/mutationObserver.cjs.map       11.59 kB │ gzip:  3.31 kB
ℹ [CJS] build/modern/timeoutManager.cjs.map         10.31 kB │ gzip:  3.22 kB
ℹ [CJS] build/modern/retryer.cjs.map                 9.32 kB │ gzip:  2.99 kB
ℹ [CJS] build/modern/infiniteQueryObserver.cjs.map   8.68 kB │ gzip:  2.36 kB
ℹ [CJS] build/modern/infiniteQueryBehavior.cjs.map   7.51 kB │ gzip:  2.23 kB
ℹ [CJS] build/modern/streamedQuery.cjs.map           5.97 kB │ gzip:  2.07 kB
ℹ [CJS] build/modern/notifyManager.cjs.map           5.21 kB │ gzip:  1.82 kB
ℹ [CJS] build/modern/focusManager.cjs.map            5.14 kB │ gzip:  1.75 kB
ℹ [CJS] build/modern/onlineManager.cjs.map           4.38 kB │ gzip:  1.65 kB
ℹ [CJS] build/modern/index.cjs.map                   2.15 kB │ gzip:  0.64 kB
ℹ [CJS] build/modern/removable.cjs.map               1.71 kB │ gzip:  0.74 kB
ℹ [CJS] build/modern/environmentManager.cjs.map      1.48 kB │ gzip:  0.74 kB
ℹ [CJS] build/modern/subscribable.cjs.map            1.02 kB │ gzip:  0.50 kB
ℹ [CJS] 46 files, total: 489.91 kB
ℹ [CJS] build/legacy/queryClient.cjs                          28.67 kB │ gzip:  6.31 kB
ℹ [CJS] build/legacy/queryObserver.cjs                        28.25 kB │ gzip:  5.39 kB
ℹ [CJS] build/legacy/query.cjs                                22.71 kB │ gzip:  5.37 kB
ℹ [CJS] build/legacy/queriesObserver.cjs                      14.46 kB │ gzip:  3.10 kB
ℹ [CJS] build/legacy/mutation.cjs                             13.87 kB │ gzip:  3.38 kB
ℹ [CJS] build/legacy/mutationObserver.cjs                     10.84 kB │ gzip:  2.51 kB
ℹ [CJS] build/legacy/utils.cjs                                10.54 kB │ gzip:  3.49 kB
ℹ [CJS] build/legacy/hydration.cjs                            10.15 kB │ gzip:  2.88 kB
ℹ [CJS] build/legacy/mutationCache.cjs                         7.54 kB │ gzip:  1.91 kB
ℹ [CJS] build/legacy/queryCache.cjs                            6.99 kB │ gzip:  2.22 kB
ℹ [CJS] build/legacy/timeoutManager.cjs                        6.38 kB │ gzip:  1.79 kB
ℹ [CJS] build/legacy/retryer.cjs                               5.22 kB │ gzip:  1.62 kB
ℹ [CJS] build/legacy/focusManager.cjs                          4.76 kB │ gzip:  1.37 kB
ℹ [CJS] build/legacy/infiniteQueryObserver.cjs                 4.72 kB │ gzip:  1.45 kB
ℹ [CJS] build/legacy/infiniteQueryBehavior.cjs                 4.55 kB │ gzip:  1.32 kB
ℹ [CJS] build/legacy/onlineManager.cjs                         4.15 kB │ gzip:  1.26 kB
ℹ [CJS] build/legacy/index.cjs                                 3.40 kB │ gzip:  0.74 kB
ℹ [CJS] build/legacy/notifyManager.cjs                         3.40 kB │ gzip:  1.28 kB
ℹ [CJS] build/legacy/streamedQuery.cjs                         2.65 kB │ gzip:  1.11 kB
ℹ [CJS] build/legacy/removable.cjs                             1.41 kB │ gzip:  0.54 kB
ℹ [CJS] build/legacy/environmentManager.cjs                    1.27 kB │ gzip:  0.66 kB
ℹ [CJS] build/legacy/subscribable.cjs                          0.59 kB │ gzip:  0.31 kB
ℹ [CJS] build/legacy/types.cjs                                 0.39 kB │ gzip:  0.22 kB
ℹ [CJS] build/legacy/types.cjs.map                            48.87 kB │ gzip:  8.78 kB
ℹ [CJS] build/legacy/queryClient.cjs.map                      42.05 kB │ gzip:  9.45 kB
ℹ [CJS] build/legacy/queryObserver.cjs.map                    39.23 kB │ gzip:  9.92 kB
ℹ [CJS] build/legacy/query.cjs.map                            38.34 kB │ gzip: 10.24 kB
ℹ [CJS] build/legacy/utils.cjs.map                            21.91 kB │ gzip:  6.76 kB
ℹ [CJS] build/legacy/mutation.cjs.map                         20.99 kB │ gzip:  5.33 kB
ℹ [CJS] build/legacy/hydration.cjs.map                        18.45 kB │ gzip:  5.51 kB
ℹ [CJS] build/legacy/queriesObserver.cjs.map                  18.16 kB │ gzip:  5.00 kB
ℹ [CJS] build/legacy/mutationCache.cjs.map                    13.91 kB │ gzip:  3.72 kB
ℹ [CJS] build/legacy/queryCache.cjs.map                       13.11 kB │ gzip:  3.79 kB
ℹ [CJS] build/legacy/mutationObserver.cjs.map                 12.86 kB │ gzip:  3.50 kB
ℹ [CJS] build/legacy/timeoutManager.cjs.map                   10.52 kB │ gzip:  3.24 kB
ℹ [CJS] build/legacy/retryer.cjs.map                           9.67 kB │ gzip:  3.07 kB
ℹ [CJS] build/legacy/infiniteQueryObserver.cjs.map             8.76 kB │ gzip:  2.39 kB
ℹ [CJS] build/legacy/infiniteQueryBehavior.cjs.map             7.83 kB │ gzip:  2.31 kB
ℹ [CJS] build/legacy/streamedQuery.cjs.map                     5.97 kB │ gzip:  2.07 kB
ℹ [CJS] build/legacy/focusManager.cjs.map                      5.45 kB │ gzip:  1.82 kB
ℹ [CJS] build/legacy/notifyManager.cjs.map                     5.21 kB │ gzip:  1.82 kB
ℹ [CJS] build/legacy/onlineManager.cjs.map                     4.65 kB │ gzip:  1.72 kB
ℹ [CJS] build/legacy/index.cjs.map                             2.15 kB │ gzip:  0.64 kB
ℹ [CJS] build/legacy/classPrivateFieldSet2-Bo0ZyOIv.cjs        1.76 kB │ gzip:  0.48 kB
ℹ [CJS] build/legacy/removable.cjs.map                         1.76 kB │ gzip:  0.77 kB
ℹ [CJS] build/legacy/environmentManager.cjs.map                1.48 kB │ gzip:  0.74 kB
ℹ [CJS] build/legacy/subscribable.cjs.map                      1.02 kB │ gzip:  0.50 kB
ℹ [CJS] build/legacy/classPrivateMethodInitSpec-DVhcLejn.cjs   0.45 kB │ gzip:  0.27 kB
ℹ [CJS] 48 files, total: 551.49 kB
ℹ [CJS] build/modern/hydration-DwR10Hi-.d.cts.map      19.86 kB │ gzip:  5.13 kB
ℹ [CJS] build/modern/infiniteQueryObserver.d.cts.map    0.91 kB │ gzip:  0.39 kB
ℹ [CJS] build/modern/timeoutManager.d.cts.map           0.60 kB │ gzip:  0.30 kB
ℹ [CJS] build/modern/notifyManager.d.cts.map            0.59 kB │ gzip:  0.26 kB
ℹ [CJS] build/modern/queriesObserver.d.cts.map          0.58 kB │ gzip:  0.32 kB
ℹ [CJS] build/modern/streamedQuery.d.cts.map            0.55 kB │ gzip:  0.31 kB
ℹ [CJS] build/modern/focusManager.d.cts.map             0.27 kB │ gzip:  0.19 kB
ℹ [CJS] build/modern/onlineManager.d.cts.map            0.26 kB │ gzip:  0.19 kB
ℹ [CJS] build/modern/infiniteQueryBehavior.d.cts.map    0.25 kB │ gzip:  0.18 kB
ℹ [CJS] build/modern/subscribable-CbifVTKz.d.cts.map    0.18 kB │ gzip:  0.16 kB
ℹ [CJS] build/modern/environmentManager.d.cts.map       0.18 kB │ gzip:  0.15 kB
ℹ [CJS] build/modern/removable-DeMjhW5M.d.cts.map       0.15 kB │ gzip:  0.15 kB
ℹ [CJS] build/modern/index.d.cts                        7.24 kB │ gzip:  1.74 kB
ℹ [CJS] build/modern/timeoutManager.d.cts               6.38 kB │ gzip:  1.94 kB
ℹ [CJS] build/modern/notifyManager.d.cts                5.04 kB │ gzip:  1.08 kB
ℹ [CJS] build/modern/types.d.cts                        4.88 kB │ gzip:  1.15 kB
ℹ [CJS] build/modern/infiniteQueryObserver.d.cts        4.83 kB │ gzip:  1.40 kB
ℹ [CJS] build/modern/queriesObserver.d.cts              4.38 kB │ gzip:  1.47 kB
ℹ [CJS] build/modern/streamedQuery.d.cts                3.18 kB │ gzip:  1.09 kB
ℹ [CJS] build/modern/focusManager.d.cts                 2.46 kB │ gzip:  0.90 kB
ℹ [CJS] build/modern/onlineManager.d.cts                2.06 kB │ gzip:  0.83 kB
ℹ [CJS] build/modern/environmentManager.d.cts           1.16 kB │ gzip:  0.57 kB
ℹ [CJS] build/modern/utils.d.cts                        1.07 kB │ gzip:  0.46 kB
ℹ [CJS] build/modern/infiniteQueryBehavior.d.cts        0.79 kB │ gzip:  0.34 kB
ℹ [CJS] build/modern/hydration.d.cts                    0.39 kB │ gzip:  0.18 kB
ℹ [CJS] build/modern/query.d.cts                        0.33 kB │ gzip:  0.18 kB
ℹ [CJS] build/modern/retryer.d.cts                      0.29 kB │ gzip:  0.17 kB
ℹ [CJS] build/modern/queryCache.d.cts                   0.21 kB │ gzip:  0.13 kB
ℹ [CJS] build/modern/mutationCache.d.cts                0.20 kB │ gzip:  0.12 kB
ℹ [CJS] build/modern/mutation.d.cts                     0.18 kB │ gzip:  0.13 kB
ℹ [CJS] build/modern/mutationObserver.d.cts             0.10 kB │ gzip:  0.09 kB
ℹ [CJS] build/modern/queryObserver.d.cts                0.09 kB │ gzip:  0.09 kB
ℹ [CJS] build/modern/subscribable.d.cts                 0.09 kB │ gzip:  0.08 kB
ℹ [CJS] build/modern/queryClient.d.cts                  0.09 kB │ gzip:  0.09 kB
ℹ [CJS] build/modern/removable.d.cts                    0.08 kB │ gzip:  0.08 kB
ℹ [CJS] build/modern/hydration-DwR10Hi-.d.cts         128.39 kB │ gzip: 26.72 kB
ℹ [CJS] build/modern/subscribable-CbifVTKz.d.cts        0.38 kB │ gzip:  0.24 kB
ℹ [CJS] build/modern/removable-DeMjhW5M.d.cts           0.38 kB │ gzip:  0.24 kB
ℹ [CJS] 38 files, total: 199.03 kB
✔ Build complete in 3258ms
ℹ [CJS] build/legacy/hydration-DwR10Hi-.d.cts.map      19.86 kB │ gzip:  5.13 kB
ℹ [CJS] build/legacy/infiniteQueryObserver.d.cts.map    0.91 kB │ gzip:  0.39 kB
ℹ [CJS] build/legacy/timeoutManager.d.cts.map           0.60 kB │ gzip:  0.30 kB
ℹ [CJS] build/legacy/notifyManager.d.cts.map            0.59 kB │ gzip:  0.26 kB
ℹ [CJS] build/legacy/queriesObserver.d.cts.map          0.58 kB │ gzip:  0.32 kB
ℹ [CJS] build/legacy/streamedQuery.d.cts.map            0.55 kB │ gzip:  0.31 kB
ℹ [CJS] build/legacy/focusManager.d.cts.map             0.27 kB │ gzip:  0.19 kB
ℹ [CJS] build/legacy/onlineManager.d.cts.map            0.26 kB │ gzip:  0.19 kB
ℹ [CJS] build/legacy/infiniteQueryBehavior.d.cts.map    0.25 kB │ gzip:  0.18 kB
ℹ [CJS] build/legacy/subscribable-CbifVTKz.d.cts.map    0.18 kB │ gzip:  0.16 kB
ℹ [CJS] build/legacy/environmentManager.d.cts.map       0.18 kB │ gzip:  0.15 kB
ℹ [CJS] build/legacy/removable-DeMjhW5M.d.cts.map       0.15 kB │ gzip:  0.15 kB
ℹ [CJS] build/legacy/index.d.cts                        7.24 kB │ gzip:  1.74 kB
ℹ [CJS] build/legacy/timeoutManager.d.cts               6.38 kB │ gzip:  1.94 kB
ℹ [CJS] build/legacy/notifyManager.d.cts                5.04 kB │ gzip:  1.08 kB
ℹ [CJS] build/legacy/types.d.cts                        4.88 kB │ gzip:  1.15 kB
ℹ [CJS] build/legacy/infiniteQueryObserver.d.cts        4.83 kB │ gzip:  1.40 kB
ℹ [CJS] build/legacy/queriesObserver.d.cts              4.38 kB │ gzip:  1.47 kB
ℹ [CJS] build/legacy/streamedQuery.d.cts                3.18 kB │ gzip:  1.09 kB
ℹ [CJS] build/legacy/focusManager.d.cts                 2.46 kB │ gzip:  0.90 kB
ℹ [CJS] build/legacy/onlineManager.d.cts                2.06 kB │ gzip:  0.83 kB
ℹ [CJS] build/legacy/environmentManager.d.cts           1.16 kB │ gzip:  0.57 kB
ℹ [CJS] build/legacy/utils.d.cts                        1.07 kB │ gzip:  0.46 kB
ℹ [CJS] build/legacy/infiniteQueryBehavior.d.cts        0.79 kB │ gzip:  0.34 kB
ℹ [CJS] build/legacy/hydration.d.cts                    0.39 kB │ gzip:  0.18 kB
ℹ [CJS] build/legacy/query.d.cts                        0.33 kB │ gzip:  0.18 kB
ℹ [CJS] build/legacy/retryer.d.cts                      0.29 kB │ gzip:  0.17 kB
ℹ [CJS] build/legacy/queryCache.d.cts                   0.21 kB │ gzip:  0.13 kB
ℹ [CJS] build/legacy/mutationCache.d.cts                0.20 kB │ gzip:  0.12 kB
ℹ [CJS] build/legacy/mutation.d.cts                     0.18 kB │ gzip:  0.13 kB
ℹ [CJS] build/legacy/mutationObserver.d.cts             0.10 kB │ gzip:  0.09 kB
ℹ [CJS] build/legacy/queryObserver.d.cts                0.09 kB │ gzip:  0.09 kB
ℹ [CJS] build/legacy/subscribable.d.cts                 0.09 kB │ gzip:  0.08 kB
ℹ [CJS] build/legacy/queryClient.d.cts                  0.09 kB │ gzip:  0.09 kB
ℹ [CJS] build/legacy/removable.d.cts                    0.08 kB │ gzip:  0.08 kB
ℹ [CJS] build/legacy/hydration-DwR10Hi-.d.cts         128.39 kB │ gzip: 26.72 kB
ℹ [CJS] build/legacy/subscribable-CbifVTKz.d.cts        0.38 kB │ gzip:  0.24 kB
ℹ [CJS] build/legacy/removable-DeMjhW5M.d.cts           0.38 kB │ gzip:  0.24 kB
ℹ [CJS] 38 files, total: 199.03 kB
✔ Build complete in 3265ms
ℹ [ESM] build/legacy/queryClient.js                           26.48 kB │ gzip:  6.22 kB
ℹ [ESM] build/legacy/queryObserver.js                         23.77 kB │ gzip:  5.27 kB
ℹ [ESM] build/legacy/query.js                                 20.63 kB │ gzip:  5.29 kB
ℹ [ESM] build/legacy/mutation.js                              12.61 kB │ gzip:  3.30 kB
ℹ [ESM] build/legacy/queriesObserver.js                       12.31 kB │ gzip:  3.01 kB
ℹ [ESM] build/legacy/hydration.js                              9.88 kB │ gzip:  2.80 kB
ℹ [ESM] build/legacy/utils.js                                  9.88 kB │ gzip:  3.34 kB
ℹ [ESM] build/legacy/mutationObserver.js                       9.48 kB │ gzip:  2.45 kB
ℹ [ESM] build/legacy/mutationCache.js                          6.74 kB │ gzip:  1.85 kB
ℹ [ESM] build/legacy/queryCache.js                             6.54 kB │ gzip:  2.16 kB
ℹ [ESM] build/legacy/timeoutManager.js                         5.87 kB │ gzip:  1.73 kB
ℹ [ESM] build/legacy/retryer.js                                4.90 kB │ gzip:  1.55 kB
ℹ [ESM] build/legacy/infiniteQueryObserver.js                  4.53 kB │ gzip:  1.39 kB
ℹ [ESM] build/legacy/infiniteQueryBehavior.js                  4.39 kB │ gzip:  1.26 kB
ℹ [ESM] build/legacy/focusManager.js                           4.22 kB │ gzip:  1.30 kB
ℹ [ESM] build/legacy/onlineManager.js                          3.65 kB │ gzip:  1.20 kB
ℹ [ESM] build/legacy/notifyManager.js                          3.28 kB │ gzip:  1.22 kB
ℹ [ESM] build/legacy/streamedQuery.js                          2.55 kB │ gzip:  1.05 kB
ℹ [ESM] build/legacy/index.js                                  1.93 kB │ gzip:  0.55 kB
ℹ [ESM] build/legacy/environmentManager.js                     1.16 kB │ gzip:  0.59 kB
ℹ [ESM] build/legacy/removable.js                              1.12 kB │ gzip:  0.48 kB
ℹ [ESM] build/legacy/subscribable.js                           0.51 kB │ gzip:  0.26 kB
ℹ [ESM] build/legacy/types.js                                  0.26 kB │ gzip:  0.17 kB
ℹ [ESM] build/legacy/types.js.map                             48.87 kB │ gzip:  8.78 kB
ℹ [ESM] build/legacy/queryClient.js.map                       41.36 kB │ gzip:  9.34 kB
ℹ [ESM] build/legacy/queryObserver.js.map                     38.09 kB │ gzip:  9.77 kB
ℹ [ESM] build/legacy/query.js.map                             37.74 kB │ gzip: 10.14 kB
ℹ [ESM] build/legacy/utils.js.map                             21.90 kB │ gzip:  6.75 kB
ℹ [ESM] build/legacy/mutation.js.map                          20.74 kB │ gzip:  5.29 kB
ℹ [ESM] build/legacy/hydration-Cq7QYAzB.d.ts.map              19.86 kB │ gzip:  5.13 kB
ℹ [ESM] build/legacy/hydration.js.map                         18.42 kB │ gzip:  5.50 kB
ℹ [ESM] build/legacy/queriesObserver.js.map                   17.70 kB │ gzip:  4.94 kB
ℹ [ESM] build/legacy/mutationCache.js.map                     13.68 kB │ gzip:  3.68 kB
ℹ [ESM] build/legacy/queryCache.js.map                        12.94 kB │ gzip:  3.75 kB
ℹ [ESM] build/legacy/mutationObserver.js.map                  12.53 kB │ gzip:  3.45 kB
ℹ [ESM] build/legacy/timeoutManager.js.map                    10.44 kB │ gzip:  3.23 kB
ℹ [ESM] build/legacy/retryer.js.map                            9.59 kB │ gzip:  3.03 kB
ℹ [ESM] build/legacy/infiniteQueryObserver.js.map              8.68 kB │ gzip:  2.37 kB
ℹ [ESM] build/legacy/infiniteQueryBehavior.js.map              7.76 kB │ gzip:  2.28 kB
ℹ [ESM] build/legacy/streamedQuery.js.map                      5.92 kB │ gzip:  2.06 kB
ℹ [ESM] build/legacy/focusManager.js.map                       5.35 kB │ gzip:  1.81 kB
ℹ [ESM] build/legacy/notifyManager.js.map                      5.17 kB │ gzip:  1.82 kB
ℹ [ESM] build/legacy/onlineManager.js.map                      4.55 kB │ gzip:  1.71 kB
ℹ [ESM] build/legacy/index.js.map                              2.14 kB │ gzip:  0.64 kB
ℹ [ESM] build/legacy/removable.js.map                          1.67 kB │ gzip:  0.74 kB
ℹ [ESM] build/legacy/environmentManager.js.map                 1.47 kB │ gzip:  0.73 kB
ℹ [ESM] build/legacy/classPrivateFieldSet2-CV7wyte-.js         1.23 kB │ gzip:  0.42 kB
ℹ [ESM] build/legacy/subscribable.js.map                       1.02 kB │ gzip:  0.50 kB
ℹ [ESM] build/legacy/infiniteQueryObserver.d.ts.map            0.91 kB │ gzip:  0.39 kB
ℹ [ESM] build/legacy/timeoutManager.d.ts.map                   0.60 kB │ gzip:  0.30 kB
ℹ [ESM] build/legacy/notifyManager.d.ts.map                    0.59 kB │ gzip:  0.26 kB
ℹ [ESM] build/legacy/queriesObserver.d.ts.map                  0.58 kB │ gzip:  0.32 kB
ℹ [ESM] build/legacy/streamedQuery.d.ts.map                    0.55 kB │ gzip:  0.31 kB
ℹ [ESM] build/legacy/classPrivateMethodInitSpec-CBwa_Y7C.js    0.32 kB │ gzip:  0.22 kB
ℹ [ESM] build/legacy/focusManager.d.ts.map                     0.27 kB │ gzip:  0.19 kB
ℹ [ESM] build/legacy/onlineManager.d.ts.map                    0.26 kB │ gzip:  0.19 kB
ℹ [ESM] build/legacy/infiniteQueryBehavior.d.ts.map            0.25 kB │ gzip:  0.18 kB
ℹ [ESM] build/legacy/subscribable-CbifVTKz.d.ts.map            0.18 kB │ gzip:  0.16 kB
ℹ [ESM] build/legacy/environmentManager.d.ts.map               0.18 kB │ gzip:  0.15 kB
ℹ [ESM] build/legacy/removable-DeMjhW5M.d.ts.map               0.15 kB │ gzip:  0.15 kB
ℹ [ESM] build/legacy/index.d.ts                                7.23 kB │ gzip:  1.74 kB
ℹ [ESM] build/legacy/timeoutManager.d.ts                       6.38 kB │ gzip:  1.94 kB
ℹ [ESM] build/legacy/notifyManager.d.ts                        5.04 kB │ gzip:  1.08 kB
ℹ [ESM] build/legacy/types.d.ts                                4.88 kB │ gzip:  1.15 kB
ℹ [ESM] build/legacy/infiniteQueryObserver.d.ts                4.83 kB │ gzip:  1.40 kB
ℹ [ESM] build/legacy/queriesObserver.d.ts                      4.38 kB │ gzip:  1.47 kB
ℹ [ESM] build/legacy/streamedQuery.d.ts                        3.18 kB │ gzip:  1.09 kB
ℹ [ESM] build/legacy/focusManager.d.ts                         2.46 kB │ gzip:  0.90 kB
ℹ [ESM] build/legacy/onlineManager.d.ts                        2.06 kB │ gzip:  0.83 kB
ℹ [ESM] build/legacy/environmentManager.d.ts                   1.16 kB │ gzip:  0.57 kB
ℹ [ESM] build/legacy/utils.d.ts                                1.07 kB │ gzip:  0.46 kB
ℹ [ESM] build/legacy/infiniteQueryBehavior.d.ts                0.79 kB │ gzip:  0.34 kB
ℹ [ESM] build/legacy/hydration.d.ts                            0.39 kB │ gzip:  0.18 kB
ℹ [ESM] build/legacy/query.d.ts                                0.32 kB │ gzip:  0.18 kB
ℹ [ESM] build/legacy/retryer.d.ts                              0.29 kB │ gzip:  0.17 kB
ℹ [ESM] build/legacy/queryCache.d.ts                           0.21 kB │ gzip:  0.13 kB
ℹ [ESM] build/legacy/mutationCache.d.ts                        0.19 kB │ gzip:  0.12 kB
ℹ [ESM] build/legacy/mutation.d.ts                             0.18 kB │ gzip:  0.13 kB
ℹ [ESM] build/legacy/mutationObserver.d.ts                     0.09 kB │ gzip:  0.09 kB
ℹ [ESM] build/legacy/queryObserver.d.ts                        0.09 kB │ gzip:  0.09 kB
ℹ [ESM] build/legacy/subscribable.d.ts                         0.09 kB │ gzip:  0.08 kB
ℹ [ESM] build/legacy/queryClient.d.ts                          0.08 kB │ gzip:  0.09 kB
ℹ [ESM] build/legacy/removable.d.ts                            0.08 kB │ gzip:  0.08 kB
ℹ [ESM] build/legacy/hydration-Cq7QYAzB.d.ts                 128.38 kB │ gzip: 26.72 kB
ℹ [ESM] build/legacy/subscribable-CbifVTKz.d.ts                0.38 kB │ gzip:  0.24 kB
ℹ [ESM] build/legacy/removable-DeMjhW5M.d.ts                   0.38 kB │ gzip:  0.24 kB
ℹ [ESM] 86 files, total: 724.98 kB
✔ Build complete in 3313ms
ℹ [ESM] build/modern/queryClient.js                   23.29 kB │ gzip:  5.88 kB
ℹ [ESM] build/modern/queryObserver.js                 17.98 kB │ gzip:  4.80 kB
ℹ [ESM] build/modern/query.js                         15.72 kB │ gzip:  4.65 kB
ℹ [ESM] build/modern/utils.js                          9.75 kB │ gzip:  3.31 kB
ℹ [ESM] build/modern/mutation.js                       9.00 kB │ gzip:  2.75 kB
ℹ [ESM] build/modern/queriesObserver.js                8.78 kB │ gzip:  2.60 kB
ℹ [ESM] build/modern/hydration.js                      7.61 kB │ gzip:  2.45 kB
ℹ [ESM] build/modern/queryCache.js                     6.14 kB │ gzip:  2.06 kB
ℹ [ESM] build/modern/mutationObserver.js               6.00 kB │ gzip:  1.95 kB
ℹ [ESM] build/modern/mutationCache.js                  5.30 kB │ gzip:  1.60 kB
ℹ [ESM] build/modern/timeoutManager.js                 5.27 kB │ gzip:  1.60 kB
ℹ [ESM] build/modern/infiniteQueryObserver.js          4.34 kB │ gzip:  1.35 kB
ℹ [ESM] build/modern/retryer.js                        4.19 kB │ gzip:  1.43 kB
ℹ [ESM] build/modern/infiniteQueryBehavior.js          3.49 kB │ gzip:  1.12 kB
ℹ [ESM] build/modern/notifyManager.js                  3.28 kB │ gzip:  1.22 kB
ℹ [ESM] build/modern/focusManager.js                   3.11 kB │ gzip:  1.09 kB
ℹ [ESM] build/modern/onlineManager.js                  2.70 kB │ gzip:  1.01 kB
ℹ [ESM] build/modern/streamedQuery.js                  2.55 kB │ gzip:  1.05 kB
ℹ [ESM] build/modern/index.js                          1.93 kB │ gzip:  0.55 kB
ℹ [ESM] build/modern/environmentManager.js             1.16 kB │ gzip:  0.59 kB
ℹ [ESM] build/modern/removable.js                      0.77 kB │ gzip:  0.37 kB
ℹ [ESM] build/modern/subscribable.js                   0.51 kB │ gzip:  0.26 kB
ℹ [ESM] build/modern/types.js                          0.26 kB │ gzip:  0.17 kB
ℹ [ESM] build/modern/types.js.map                     48.87 kB │ gzip:  8.78 kB
ℹ [ESM] build/modern/queryClient.js.map               40.43 kB │ gzip:  9.23 kB
ℹ [ESM] build/modern/queryObserver.js.map             36.39 kB │ gzip:  9.49 kB
ℹ [ESM] build/modern/query.js.map                     36.24 kB │ gzip:  9.94 kB
ℹ [ESM] build/modern/utils.js.map                     21.83 kB │ gzip:  6.73 kB
ℹ [ESM] build/modern/hydration-Cq7QYAzB.d.ts.map      19.86 kB │ gzip:  5.13 kB
ℹ [ESM] build/modern/mutation.js.map                  19.58 kB │ gzip:  5.16 kB
ℹ [ESM] build/modern/hydration.js.map                 17.54 kB │ gzip:  5.35 kB
ℹ [ESM] build/modern/queriesObserver.js.map           16.87 kB │ gzip:  4.79 kB
ℹ [ESM] build/modern/mutationCache.js.map             13.28 kB │ gzip:  3.62 kB
ℹ [ESM] build/modern/queryCache.js.map                12.85 kB │ gzip:  3.73 kB
ℹ [ESM] build/modern/mutationObserver.js.map          11.48 kB │ gzip:  3.27 kB
ℹ [ESM] build/modern/timeoutManager.js.map            10.30 kB │ gzip:  3.21 kB
ℹ [ESM] build/modern/retryer.js.map                    9.24 kB │ gzip:  2.95 kB
ℹ [ESM] build/modern/infiniteQueryObserver.js.map      8.61 kB │ gzip:  2.34 kB
ℹ [ESM] build/modern/infiniteQueryBehavior.js.map      7.45 kB │ gzip:  2.20 kB
ℹ [ESM] build/modern/streamedQuery.js.map              5.92 kB │ gzip:  2.06 kB
ℹ [ESM] build/modern/notifyManager.js.map              5.17 kB │ gzip:  1.82 kB
ℹ [ESM] build/modern/focusManager.js.map               5.12 kB │ gzip:  1.74 kB
ℹ [ESM] build/modern/onlineManager.js.map              4.36 kB │ gzip:  1.64 kB
ℹ [ESM] build/modern/index.js.map                      2.14 kB │ gzip:  0.64 kB
ℹ [ESM] build/modern/removable.js.map                  1.64 kB │ gzip:  0.72 kB
ℹ [ESM] build/modern/environmentManager.js.map         1.47 kB │ gzip:  0.73 kB
ℹ [ESM] build/modern/subscribable.js.map               1.02 kB │ gzip:  0.49 kB
ℹ [ESM] build/modern/infiniteQueryObserver.d.ts.map    0.91 kB │ gzip:  0.39 kB
ℹ [ESM] build/modern/timeoutManager.d.ts.map           0.60 kB │ gzip:  0.30 kB
ℹ [ESM] build/modern/notifyManager.d.ts.map            0.59 kB │ gzip:  0.26 kB
ℹ [ESM] build/modern/queriesObserver.d.ts.map          0.58 kB │ gzip:  0.32 kB
ℹ [ESM] build/modern/streamedQuery.d.ts.map            0.55 kB │ gzip:  0.31 kB
ℹ [ESM] build/modern/focusManager.d.ts.map             0.27 kB │ gzip:  0.19 kB
ℹ [ESM] build/modern/onlineManager.d.ts.map            0.26 kB │ gzip:  0.19 kB
ℹ [ESM] build/modern/infiniteQueryBehavior.d.ts.map    0.25 kB │ gzip:  0.18 kB
ℹ [ESM] build/modern/subscribable-CbifVTKz.d.ts.map    0.18 kB │ gzip:  0.16 kB
ℹ [ESM] build/modern/environmentManager.d.ts.map       0.18 kB │ gzip:  0.15 kB
ℹ [ESM] build/modern/removable-DeMjhW5M.d.ts.map       0.15 kB │ gzip:  0.15 kB
ℹ [ESM] build/modern/index.d.ts                        7.23 kB │ gzip:  1.74 kB
ℹ [ESM] build/modern/timeoutManager.d.ts               6.38 kB │ gzip:  1.94 kB
ℹ [ESM] build/modern/notifyManager.d.ts                5.04 kB │ gzip:  1.08 kB
ℹ [ESM] build/modern/types.d.ts                        4.88 kB │ gzip:  1.15 kB
ℹ [ESM] build/modern/infiniteQueryObserver.d.ts        4.83 kB │ gzip:  1.40 kB
ℹ [ESM] build/modern/queriesObserver.d.ts              4.38 kB │ gzip:  1.47 kB
ℹ [ESM] build/modern/streamedQuery.d.ts                3.18 kB │ gzip:  1.09 kB
ℹ [ESM] build/modern/focusManager.d.ts                 2.46 kB │ gzip:  0.90 kB
ℹ [ESM] build/modern/onlineManager.d.ts                2.06 kB │ gzip:  0.83 kB
ℹ [ESM] build/modern/environmentManager.d.ts           1.16 kB │ gzip:  0.57 kB
ℹ [ESM] build/modern/utils.d.ts                        1.07 kB │ gzip:  0.46 kB
ℹ [ESM] build/modern/infiniteQueryBehavior.d.ts        0.79 kB │ gzip:  0.34 kB
ℹ [ESM] build/modern/hydration.d.ts                    0.39 kB │ gzip:  0.18 kB
ℹ [ESM] build/modern/query.d.ts                        0.32 kB │ gzip:  0.18 kB
ℹ [ESM] build/modern/retryer.d.ts                      0.29 kB │ gzip:  0.17 kB
ℹ [ESM] build/modern/queryCache.d.ts                   0.21 kB │ gzip:  0.13 kB
ℹ [ESM] build/modern/mutationCache.d.ts                0.19 kB │ gzip:  0.12 kB
ℹ [ESM] build/modern/mutation.d.ts                     0.18 kB │ gzip:  0.13 kB
ℹ [ESM] build/modern/mutationObserver.d.ts             0.09 kB │ gzip:  0.09 kB
ℹ [ESM] build/modern/queryObserver.d.ts                0.09 kB │ gzip:  0.09 kB
ℹ [ESM] build/modern/subscribable.d.ts                 0.09 kB │ gzip:  0.08 kB
ℹ [ESM] build/modern/queryClient.d.ts                  0.08 kB │ gzip:  0.09 kB
ℹ [ESM] build/modern/removable.d.ts                    0.08 kB │ gzip:  0.08 kB
ℹ [ESM] build/modern/hydration-Cq7QYAzB.d.ts         128.38 kB │ gzip: 26.72 kB
ℹ [ESM] build/modern/subscribable-CbifVTKz.d.ts        0.38 kB │ gzip:  0.24 kB
ℹ [ESM] build/modern/removable-DeMjhW5M.d.ts           0.38 kB │ gzip:  0.24 kB
ℹ [ESM] 84 files, total: 679.88 kB
✔ Build complete in 3319ms
tanstack-query-core-5.102.8.tgz

--- stderr ---
npm notice
npm notice New major version of npm available! 10.9.7 -> 12.0.2
npm notice Changelog: https://github.com/npm/cli/releases/tag/v12.0.2
npm notice To update run: npm install -g npm@12.0.2
npm notice
